com\keystone\keystone\model\Tag.class
com\keystone\keystone\service\PathServiceImpl.class
com\keystone\keystone\model\Path.class
com\keystone\keystone\KeystoneApplication.class
com\keystone\keystone\service\UserBasicInfoServImpl.class
com\keystone\keystone\repo\UserBasicInfoRepo.class
com\keystone\keystone\service\PathService.class
com\keystone\keystone\controller\PersonalPageController.class
com\keystone\keystone\repo\UserAccountInfoRepo.class
com\keystone\keystone\service\UserBasicInfoServ.class
com\keystone\keystone\controller\SimpleExample.class
com\keystone\keystone\service\UserAccountInfoServImpl.class
com\keystone\keystone\model\UserBasicInfo.class
com\keystone\keystone\controller\SignInPageController.class
com\keystone\keystone\model\UserAccountInfo.class
com\keystone\keystone\repo\PathRepo.class
com\keystone\keystone\controller\PersonalPageResponse.class
com\keystone\keystone\service\TagService.class
com\keystone\keystone\repo\TagRepo.class
com\keystone\keystone\service\TagServiceImpl.class
com\keystone\keystone\service\UserAccountInfoServ.class
com\keystone\keystone\controller\SignInPageResponse.class
