C:\Rosseta\学习资料\CPT202\project\keystone\src\main\java\com\keystone\keystone\repo\PathRepo.java
C:\Rosseta\学习资料\CPT202\project\keystone\src\main\java\com\keystone\keystone\service\PathServiceImpl.java
C:\Rosseta\学习资料\CPT202\project\keystone\src\main\java\com\keystone\keystone\service\TagServiceImpl.java
C:\Rosseta\学习资料\CPT202\project\keystone\src\main\java\com\keystone\keystone\KeystoneApplication.java
C:\Rosseta\学习资料\CPT202\project\keystone\src\main\java\com\keystone\keystone\model\Tag.java
C:\Rosseta\学习资料\CPT202\project\keystone\src\main\java\com\keystone\keystone\service\UserAccountInfoServ.java
C:\Rosseta\学习资料\CPT202\project\keystone\src\main\java\com\keystone\keystone\service\TagService.java
C:\Rosseta\学习资料\CPT202\project\keystone\src\main\java\com\keystone\keystone\model\Path.java
C:\Rosseta\学习资料\CPT202\project\keystone\src\main\java\com\keystone\keystone\service\UserAccountInfoServImpl.java
C:\Rosseta\学习资料\CPT202\project\keystone\src\main\java\com\keystone\keystone\repo\UserAccountInfoRepo.java
C:\Rosseta\学习资料\CPT202\project\keystone\src\main\java\com\keystone\keystone\model\UserBasicInfo.java
C:\Rosseta\学习资料\CPT202\project\keystone\src\main\java\com\keystone\keystone\controller\SimpleExample.java
C:\Rosseta\学习资料\CPT202\project\keystone\src\main\java\com\keystone\keystone\repo\UserBasicInfoRepo.java
C:\Rosseta\学习资料\CPT202\project\keystone\src\main\java\com\keystone\keystone\service\UserBasicInfoServImpl.java
C:\Rosseta\学习资料\CPT202\project\keystone\src\main\java\com\keystone\keystone\model\UserAccountInfo.java
C:\Rosseta\学习资料\CPT202\project\keystone\src\main\java\com\keystone\keystone\controller\PersonalPageController.java
C:\Rosseta\学习资料\CPT202\project\keystone\src\main\java\com\keystone\keystone\repo\TagRepo.java
C:\Rosseta\学习资料\CPT202\project\keystone\src\main\java\com\keystone\keystone\controller\TagController.java
C:\Rosseta\学习资料\CPT202\project\keystone\src\main\java\com\keystone\keystone\service\PathService.java
C:\Rosseta\学习资料\CPT202\project\keystone\src\main\java\com\keystone\keystone\controller\SignInPageController.java
C:\Rosseta\学习资料\CPT202\project\keystone\src\main\java\com\keystone\keystone\service\UserBasicInfoServ.java
